(program 
  (statement 
    (def_seg_statement def seg = 
      (expr 
        (literal 42)))) \n 
  (statement 
    (def_seg_statement def seg)) \n)
