(program 
  (statement 
    (line_statement line 
      ( 
        (expr 
          (literal 0)) , 
        (expr 
          (literal 0)) ) - 
      ( 
        (expr 
          (literal 10)) , 
        (expr 
          (literal 10)) ))) \n 
  (statement 
    (line_statement line step 
      ( 
        (expr 
          (literal 0)) , 
        (expr 
          (literal 0)) ) - step 
      ( 
        (expr 
          (literal 10)) , 
        (expr 
          (literal 10)) ))) \n 
  (statement 
    (line_statement line - 
      ( 
        (expr 
          (literal 10)) , 
        (expr 
          (literal 10)) ) ,)) \n 
  (statement 
    (line_statement line 
      ( 
        (expr 
          (literal 0)) , 
        (expr 
          (literal 0)) ) - 
      ( 
        (expr 
          (literal 10)) , 
        (expr 
          (literal 10)) ) , 
      (expr 
        (literal 15)) , 
      (box_style B) , 
      (expr 
        (literal &hff00)))) \n 
  (statement 
    (line_statement line 
      ( 
        (expr 
          (literal 0)) , 
        (expr 
          (literal 0)) ) - 
      ( 
        (expr 
          (literal 10)) , 
        (expr 
          (literal 10)) ) , 
      (expr 
        (literal 15)) , 
      (box_style B))) \n 
  (statement 
    (line_statement line 
      ( 
        (expr 
          (literal 0)) , 
        (expr 
          (literal 0)) ) - 
      ( 
        (expr 
          (literal 10)) , 
        (expr 
          (literal 10)) ) , 
      (expr 
        (literal 15)) , , 
      (expr 
        (literal &hff00)))) \n 
  (statement 
    (line_statement line 
      ( 
        (expr 
          (literal 0)) , 
        (expr 
          (literal 0)) ) - 
      ( 
        (expr 
          (literal 10)) , 
        (expr 
          (literal 10)) ) , 
      (expr 
        (literal 15)))) \n 
  (statement 
    (line_statement line 
      ( 
        (expr 
          (literal 0)) , 
        (expr 
          (literal 0)) ) - 
      ( 
        (expr 
          (literal 10)) , 
        (expr 
          (literal 10)) ) , 
      (expr 
        (literal 15)) ,)) \n 
  (statement 
    (line_statement line 
      ( 
        (expr 
          (literal 0)) , 
        (expr 
          (literal 0)) ) - 
      ( 
        (expr 
          (literal 10)) , 
        (expr 
          (literal 10)) ) , , 
      (box_style B) , 
      (expr 
        (literal &hff00)))) \n 
  (statement 
    (line_statement line 
      ( 
        (expr 
          (literal 0)) , 
        (expr 
          (literal 0)) ) - 
      ( 
        (expr 
          (literal 10)) , 
        (expr 
          (literal 10)) ) , , 
      (box_style B))) \n 
  (statement 
    (line_statement line 
      ( 
        (expr 
          (literal 0)) , 
        (expr 
          (literal 0)) ) - 
      ( 
        (expr 
          (literal 10)) , 
        (expr 
          (literal 10)) ) , , , 
      (expr 
        (literal &hff00)))) \n 
  (statement 
    (line_statement line 
      ( 
        (expr 
          (literal 0)) , 
        (expr 
          (literal 0)) ) - 
      ( 
        (expr 
          (literal 10)) , 
        (expr 
          (literal 10)) ) , ,)) \n <EOF>)
