(program statement 
  (option_statement option base 0) \n statement 
  (option_statement option base 1) \n <EOF>)
