(program 
  (statement 
    (call_statement 
      (untyped_id RANDOMIZE) 
      (call_argument_list 
        (call_argument 
          (expr 
            (builtin_function TIMER)))))) \n)
