(program \n 
  (statement 
    (rem_statement rem)) \n 
  (statement 
    (print_statement print 
      (expr 
        (literal 42)))) \n <EOF>)
